
================================================================================

Section Cross References

    QyAppMain.o(.text) refers to QinYiAppSrc.o(.text) for QinYiAppMain
    QyAppMain.o(.text) refers to QyAdp.o(.bss) for g_pMtk
    QyAppMain.o(.text) refers to QyAppMain.o(.bss) for .bss$2
    QyAppMain.o(.text) refers to QinYiAppSrc.o(.bss) for g_SettingProf
    QyAppMain.o(.text) refers (Special) to __main_nshl.o(!!!) for __main
    QyAppMain.o(.text) refers (Special) to _get_argv.o(.text) for _main_arg
    QyAppMain.o(.bss) refers (Special) to __main_nshl.o(!!!) for __main
    QyAppMain.o(.bss) refers (Special) to _get_argv.o(.text) for _main_arg
    tkc.o(.text) refers to rt_memcpy.o(.text) for __rt_memcpy
    tkc.o(.text) refers to _sprintf.o(.text) for _sprintf
    tkc.o(.text) refers to strcat.o(.text) for strcat
    tkc.o(.text) refers to tkc.o(.constdata) for .constdata$1
    tkc.o(.text) refers to tkc.o(.data) for g_QyPid
    QinYiAppSrc.o(.text) refers to QinYiProtocol.o(.text) for CancelNet
    QinYiAppSrc.o(.text) refers to QyAdp.o(.bss) for g_pMtk
    QinYiAppSrc.o(.text) refers to QinYiAppSrc.o(.bss) for .bss$2
    QinYiAppSrc.o(.text) refers to QinYiAppAdapt.o(.text) for SaveQySettingProfile
    QinYiAppSrc.o(.text) refers to QyAppMain.o(.bss) for g_pext
    QinYiAppSrc.o(.text) refers to rt_memclr.o(.text) for __rt_memclr
    QinYiAppSrc.o(.text) refers to QinYiAppSrc.o(.data) for g_QureyExpIdStatuTitle
    QinYiAppSrc.o(.text) refers to QinYiProtocol.o(.bss) for g_TaskDump
    QinYiAppSrc.o(.text) refers to QinYiProtocol.o(.constdata) for g_cmdReqAck
    QinYiAppSrc.o(.text) refers to rt_memclr_w.o(.text) for __rt_memclr_w
    QinYiAppSrc.o(.text) refers to memcmp.o(.text) for memcmp
    QinYiAppSrc.o(.text) refers to rt_memcpy_w.o(.text) for __rt_memcpy_w
    QinYiAppSrc.o(.text) refers to QinYiAppSrc.o(.constdata) for .constdata$1
    QinYiProtocol.o(.text) refers to QinYiProtocol.o(.bss) for .bss$2
    QinYiProtocol.o(.text) refers to QyAdp.o(.bss) for g_pMtk
    QinYiProtocol.o(.text) refers to rt_memclr_w.o(.text) for __rt_memclr_w
    QinYiProtocol.o(.text) refers to QinYiAppSrc.o(.bss) for g_SettingProf
    QinYiProtocol.o(.text) refers to rt_memclr.o(.text) for __rt_memclr
    QinYiProtocol.o(.text) refers to QinYiProtocol.o(.data) for g_tm_offset
    QinYiProtocol.o(.text) refers to QinYiAppSrc.o(.text) for IsValidCodeEx
    QinYiProtocol.o(.text) refers to QinYiProtocol.o(.constdata) for .constdata$1
    QinYiProtocol.o(.text) refers to rt_sdiv.o(.text) for __rt_sdiv
    QinYiProtocol.o(.text) refers to rt_memcpy.o(.text) for __rt_memcpy
    QinYiProtocol.o(.text) refers to QyAdp.o(.text) for StrnCmp
    QinYiProtocol.o(.text) refers to QinYiAppAdapt.o(.text) for OpenQyDir
    QinYiProtocol.o(.text) refers to rt_memmove_w.o(.text) for __rt_memmove_w
    QinYiProtocol.o(.text) refers to rt_memmove.o(.text) for __rt_memmove
    QinYiProtocol.o(.text) refers to QinYiDecoder.o(.text) for Decode
    QinYiProtocol.o(.text) refers to memcmp.o(.text) for memcmp
    QinYiAppAdapt.o(.text) refers to QinYiAppAdapt.o(.data) for g_QyFolders
    QinYiAppAdapt.o(.text) refers to QyAdp.o(.bss) for g_pMtk
    QinYiAppAdapt.o(.text) refers to QinYiAppAdapt.o(.bss) for .bss$2
    QinYiAppAdapt.o(.text) refers to rt_memcpy_w.o(.text) for __rt_memcpy_w
    QinYiAppAdapt.o(.text) refers to QinYiAppAdapt.o(.constdata) for .constdata$1
    QinYiDecoder.o(.text) refers to QinYiDecoder.o(.bss) for .bss$2
    QinYiDecoder.o(.text) refers to QyAdp.o(.bss) for g_pMtk
    start.o(Dynamic_entry_sec) refers to rt_memclr.o(.text) for __rt_memclr
    start.o(Dynamic_entry_sec) refers to QyAppMain.o(.text) for main
    start.o(Dynamic_entry_sec) refers to QinYiAppSrc.o(.bss) for g_R9Val
    __main_nshl.o(!!!) refers to kernel.o(.text) for __rt_entry
    _get_argv.o(.text) refers to heapext.o(.text) for __heap_extend
    _get_argv.o(.text) refers to rt_raise.o(.text) for __rt_raise
    _get_argv.o(.text) refers to sys_command.o(.text) for _sys_command_string
    _sprintf.o(.text) refers to __vfpntf.o(.text) for __vfprintf
    _sprintf.o(.text) refers to _sputc.o(.text) for _sputc
    rt_memclr.o(.text) refers to rt_memclr_w.o(.text) for _memset_w
    rt_memcpy.o(.text) refers to rt_memcpy_w.o(.text) for _memcpy_lastbytes
    rt_memmove.o(.text) refers to rt_memcpy.o(.text) for __rt_memcpy
    rt_memmove.o(.text) refers to rt_memmove_w.o(.text) for __memmove_aligned
    rt_memmove_w.o(.text) refers to rt_memcpy_w.o(.text) for __rt_memcpy_w
    rt_sdiv.o(.text) refers to rt_div0.o(.text) for __rt_div0
    __vfpntf.o(.text) refers to strlen.o(.text) for strlen
    __vfpntf.o(.text) refers to printf2.o(x$fpl$printf2) for _fp_display_gate
    __vfpntf.o(.text) refers to lludiv10.o(.text) for _ll_udiv10
    __vfpntf.o(.text) refers to rtudiv10.o(.text) for __rt_udiv10
    heapext.o(.text) refers to stkheap1.o(.text) for __rt_heap_extend
    kernel.o(.text) refers to stkheap1.o(.text) for __rt_stackheap_init
    kernel.o(.text) refers to lib_init.o(.text) for __rt_lib_init
    kernel.o(.text) refers to QyAppMain.o(.text) for main
    kernel.o(.text) refers to exit.o(.text) for exit
    kernel.o(.text) refers to sys_exit.o(.text) for _sys_exit
    rt_div0.o(.text) refers to rt_raise.o(.text) for __rt_raise
    rt_raise.o(.text) refers to __raise.o(.text) for __raise
    rt_raise.o(.text) refers to sys_exit.o(.text) for _sys_exit
    sys_command.o(.text) refers (Special) to use_semi.o(.text) for __I_use_semihosting_swi
    __raise.o(.text) refers to defsig.o(.text) for __default_signal_handler
    exit.o(.text) refers to kernel.o(.text) for __rt_exit
    lib_init.o(.text) refers to fpinit.o(x$fpl$fpinit) for _fp_init
    lib_init.o(.text) refers (Weak) to _get_argv.o(.text) for __rt_get_argv
    lib_init.o(.text) refers to libspace.o(.text) for __user_libspace
    lib_init.o(.text) refers (Weak) to _get_argv.o(.text) for __argv_alloc
    stkheap1.o(.text) refers to libspace.o(.text) for __user_libspace
    stkheap1.o(.text) refers to sys_stackheap.o(.text) for __user_initial_stackheap
    sys_exit.o(.text) refers to use_semi.o(.text) for __I_use_semihosting_swi
    printf2.o(x$fpl$printf2) refers to nofpdisp.o(.text) for _no_fp_display
    defsig.o(.text) refers to sys_wrch.o(.text) for _ttywrch
    defsig.o(.text) refers to defsig.o(.constdata) for .constdata$1
    libspace.o(.text) refers to libspace.o(.bss) for .bss
    sys_stackheap.o(.text) refers to use_semi.o(.text) for __I_use_semihosting_swi
    sys_wrch.o(.text) refers (Special) to use_semi.o(.text) for __I_use_semihosting_swi


================================================================================

Removing Unused input sections from the image.

    Removing tkc.o(.text), (336 bytes).
    Removing tkc.o(.data), (24 bytes).
    Removing tkc.o(.constdata), (32 bytes).
    Removing QinYiAppSrc.o(.bss), (4 bytes).
    Removing QinYiAppSrc.o(.bss), (4 bytes).
    Removing QinYiDecoder.o(.bss), (4 bytes).
    Removing QinYiDecoder.o(.bss), (4 bytes).
    Removing QinYiDecoder.o(.bss), (4 bytes).

8 unused section(s) (total 412 bytes) removed from the image.

================================================================================

Memory Map of the image

  Image Entry point : 0x00000000

  Load Region LR_1 (Base: 0x00000000, Size: 0x0000db34, Max: 0xffffffff, PI)

    Execution Region ER_RO (Base: 0x00000000, Size: 0x0000d6c0, Max: 0xffffffff, PI)

    Base Addr    Size         Type   Attr  Idx  E Section Name        Object

    0x00000000   0x0000009c   Code   RO    35   * Dynamic_entry_sec   start.o
    0x0000009c   0x000000e0   Code   RO    37   * !!!                 __main_nshl.o(c_a__ue.l)
    0x0000017c   0x00000054   Code   RO     1     .text               QyAppMain.o
    0x000001d0   0x00000078   Code   RO     4     .text               QyAdp.o
    0x00000248   0x000074a4   Code   RO    11     .text               QinYiAppSrc.o
    0x000076ec   0x00004740   Code   RO    19     .text               QinYiProtocol.o
    0x0000be2c   0x00000620   Code   RO    24     .text               QinYiAppAdapt.o
    0x0000c44c   0x00000580   Code   RO    29     .text               QinYiDecoder.o
    0x0000c9cc   0x00000214   Code   RO    39     .text               _get_argv.o(c_a__ue.l)
    0x0000cbe0   0x00000080   Code   RO    43     .text               memcmp.o(c_a__ue.l)
    0x0000cc60   0x00000044   Code   RO    45     .text               rt_memclr.o(c_a__ue.l)
    0x0000cca4   0x00000058   Code   RO    47     .text               rt_memclr_w.o(c_a__ue.l)
    0x0000ccfc   0x000000b4   Code   RO    49     .text               rt_memcpy.o(c_a__ue.l)
    0x0000cdb0   0x0000006c   Code   RO    51     .text               rt_memcpy_w.o(c_a__ue.l)
    0x0000ce1c   0x00000040   Code   RO    53     .text               rt_memmove.o(c_a__ue.l)
    0x0000ce5c   0x00000058   Code   RO    55     .text               rt_memmove_w.o(c_a__ue.l)
    0x0000ceb4   0x000000d4   Code   RO    57     .text               rt_sdiv.o(c_a__ue.l)
    0x0000cf88   0x0000000c   Code   RO    65     .text               heapext.o(c_a__ue.l)
    0x0000cf94   0x00000028   Code   RO    67     .text               kernel.o(c_a__ue.l)
    0x0000cfbc   0x0000000c   Code   RO    69     .text               rt_div0.o(c_a__ue.l)
    0x0000cfc8   0x00000018   Code   RO    71     .text               rt_raise.o(c_a__ue.l)
    0x0000cfe0   0x00000030   Code   RO    73     .text               sys_command.o(c_a__ue.l)
    0x0000d010   0x00000064   Code   RO    75     .text               __raise.o(c_a__ue.l)
    0x0000d074   0x00000018   Code   RO    77     .text               exit.o(c_a__ue.l)
    0x0000d08c   0x000000fc   Code   RO    79     .text               lib_init.o(c_a__ue.l)
    0x0000d188   0x000000fc   Code   RO    85     .text               stkheap1.o(c_a__ue.l)
    0x0000d284   0x00000018   Code   RO    89     .text               sys_exit.o(c_a__ue.l)
    0x0000d29c   0x00000004   Code   RO    91     .text               use_semi.o(c_a__ue.l)
    0x0000d2a0   0x00000160   Code   RO    95     .text               defsig.o(c_a__ue.l)
    0x0000d400   0x00000018   Code   RO    98     .text               libspace.o(c_a__ue.l)
    0x0000d418   0x00000048   Code   RO   104     .text               sys_stackheap.o(c_a__ue.l)
    0x0000d460   0x00000018   Code   RO   109     .text               sys_wrch.o(c_a__ue.l)
    0x0000d478   0x00000004   Code   RO   106     x$fpl$fpinit        fpinit.o(f_a.l)
    0x0000d47c   0x0000000a   Data   RO    13     .constdata          QinYiAppSrc.o
    0x0000d486   0x00000002   PAD
    0x0000d488   0x00000060   Data   RO    21     .constdata          QinYiProtocol.o
    0x0000d4e8   0x00000070   Data   RO    26     .constdata          QinYiAppAdapt.o
    0x0000d558   0x0000012b   Data   RO    96     .constdata          defsig.o(c_a__ue.l)
    0x0000d683   0x00000001   PAD
    0x0000d684   0x00000024   Data   RO   111     Region$$Table       anon$$obj.o
    0x0000d6a8   0x00000018   Data   RO   112     ZISection$$Table    anon$$obj.o


    Execution Region ER_RW (Base: 0x00000000, Size: 0x00000474, Max: 0xffffffff, PI)

    Base Addr    Size         Type   Attr  Idx  E Section Name        Object

    0x00000000   0x00000004   Data   RW   113     PDT$$ptr            anon$$obj.o
    0x00000004   0x00000144   Data   RW    12     .data               QinYiAppSrc.o
    0x00000148   0x0000023c   Data   RW    20     .data               QinYiProtocol.o
    0x00000384   0x000000f0   Data   RW    25     .data               QinYiAppAdapt.o


    Execution Region ER_ZI (Base: 0x00000474, Size: 0x00000328, Max: 0xffffffff, PI)

    Base Addr    Size         Type   Attr  Idx  E Section Name        Object

    0x00000474   0x00000064   Zero   RW     2     .bss                QyAppMain.o
    0x000004d8   0x00000004   Zero   RW     5     .bss                QyAdp.o
    0x000004dc   0x000001f4   Zero   RW    14     .bss                QinYiAppSrc.o
    0x000006d0   0x00000004   Zero   RW    17     .bss                QinYiAppSrc.o
    0x000006d4   0x00000040   Zero   RW    22     .bss                QinYiProtocol.o
    0x00000714   0x00000001   Zero   RW    27     .bss                QinYiAppAdapt.o
    0x00000715   0x00000003   PAD
    0x00000718   0x00000024   Zero   RW    30     .bss                QinYiDecoder.o
    0x0000073c   0x00000060   Zero   RW    99     .bss                libspace.o(c_a__ue.l)



  Load Region LR$$Debug (Base: 0x00000000, Size: 0x00000000, Max: 0xffffffff, ABSOLUTE)

    Execution Region ER$$Debug (Base: 0x00000000, Size: 0x00000000, Max: 0xffffffff, ABSOLUTE)

    Base Addr    Size         Type   Attr  Idx  E Section Name        Object

    0x00000000   0x00000048   Dbug   RW     3     .debug_frame        QyAppMain.o
    0x00000048   0x00000060   Dbug   RW     6     .debug_frame        QyAdp.o
    0x000000a8   0x000016c0   Dbug   RW    18     .debug_frame        QinYiAppSrc.o
    0x00001768   0x00001050   Dbug   RW    23     .debug_frame        QinYiProtocol.o
    0x000027b8   0x000001d8   Dbug   RW    28     .debug_frame        QinYiAppAdapt.o
    0x00002990   0x0000014c   Dbug   RW    34     .debug_frame        QinYiDecoder.o
    0x00002adc   0x00000050   Dbug   RW    36     .debug_frame        start.o
    0x00002b2c   0x0000003c   Dbug   RW    38     .debug_frame        __main_nshl.o(c_a__ue.l)
    0x00002b68   0x000000cc   Dbug   RW    40     .debug_frame        _get_argv.o(c_a__ue.l)
    0x00002c34   0x0000003c   Dbug   RW    44     .debug_frame        memcmp.o(c_a__ue.l)
    0x00002c70   0x00000044   Dbug   RW    46     .debug_frame        rt_memclr.o(c_a__ue.l)
    0x00002cb4   0x00000054   Dbug   RW    48     .debug_frame        rt_memclr_w.o(c_a__ue.l)
    0x00002d08   0x0000003c   Dbug   RW    50     .debug_frame        rt_memcpy.o(c_a__ue.l)
    0x00002d44   0x00000054   Dbug   RW    52     .debug_frame        rt_memcpy_w.o(c_a__ue.l)
    0x00002d98   0x00000044   Dbug   RW    54     .debug_frame        rt_memmove.o(c_a__ue.l)
    0x00002ddc   0x0000004c   Dbug   RW    56     .debug_frame        rt_memmove_w.o(c_a__ue.l)
    0x00002e28   0x00000044   Dbug   RW    58     .debug_frame        rt_sdiv.o(c_a__ue.l)
    0x00002e6c   0x0000004c   Dbug   RW    66     .debug_frame        heapext.o(c_a__ue.l)
    0x00002eb8   0x00000068   Dbug   RW    68     .debug_frame        kernel.o(c_a__ue.l)
    0x00002f20   0x0000003c   Dbug   RW    70     .debug_frame        rt_div0.o(c_a__ue.l)
    0x00002f5c   0x00000050   Dbug   RW    72     .debug_frame        rt_raise.o(c_a__ue.l)
    0x00002fac   0x00000054   Dbug   RW    74     .debug_frame        sys_command.o(c_a__ue.l)
    0x00003000   0x0000005c   Dbug   RW    76     .debug_frame        __raise.o(c_a__ue.l)
    0x0000305c   0x0000004c   Dbug   RW    78     .debug_frame        exit.o(c_a__ue.l)
    0x000030a8   0x0000007c   Dbug   RW    80     .debug_frame        lib_init.o(c_a__ue.l)
    0x00003124   0x00000080   Dbug   RW    86     .debug_frame        stkheap1.o(c_a__ue.l)
    0x000031a4   0x00000044   Dbug   RW    90     .debug_frame        sys_exit.o(c_a__ue.l)
    0x000031e8   0x00000044   Dbug   RW    92     .debug_frame        use_semi.o(c_a__ue.l)
    0x0000322c   0x0000004c   Dbug   RW    97     .debug_frame        defsig.o(c_a__ue.l)
    0x00003278   0x00000044   Dbug   RW   100     .debug_frame        libspace.o(c_a__ue.l)
    0x000032bc   0x0000004c   Dbug   RW   105     .debug_frame        sys_stackheap.o(c_a__ue.l)
    0x00003308   0x00000044   Dbug   RW   107     .debug_frame        fpinit.o(f_a.l)
    0x0000334c   0x00000048   Dbug   RW   110     .debug_frame        sys_wrch.o(c_a__ue.l)


================================================================================

Image component sizes


      Code    RO Data    RW Data    ZI Data      Debug   Object Name

        84          0          0        100         72   QyAppMain.o
      1408          0          0         36        332   QinYiDecoder.o
     18240         96        572         64       4176   QinYiProtocol.o
       120          0          0          4         96   QyAdp.o
         0         60          4          0          0   anon$$obj.o
      1568        112        240          1        472   QinYiAppAdapt.o
       156          0          0          0         80   start.o
     29860         10        324        504       5824   QinYiAppSrc.o

    ------------------------------------------------------------------------
     51436        278       1140        709      11052   Object Totals

    ------------------------------------------------------------------------

      Code    RO Data    RW Data    ZI Data      Debug   Library Member Name

       224          0          0          0         60   __main_nshl.o
        48          0          0          0         84   sys_command.o
       252          0          0          0        128   stkheap1.o
        40          0          0          0        104   kernel.o
        68          0          0          0         68   rt_memclr.o
        88          0          0          0         84   rt_memclr_w.o
         4          0          0          0         68   use_semi.o
        24          0          0          0         68   sys_exit.o
        12          0          0          0         76   heapext.o
        24          0          0         96         68   libspace.o
        24          0          0          0         72   sys_wrch.o
        24          0          0          0         80   rt_raise.o
       180          0          0          0         60   rt_memcpy.o
       352        299          0          0         76   defsig.o
        12          0          0          0         60   rt_div0.o
       532          0          0          0        204   _get_argv.o
       108          0          0          0         84   rt_memcpy_w.o
        24          0          0          0         76   exit.o
       128          0          0          0         60   memcmp.o
       100          0          0          0         92   __raise.o
       252          0          0          0        124   lib_init.o
        88          0          0          0         76   rt_memmove_w.o
         4          0          0          0         68   fpinit.o
       212          0          0          0         68   rt_sdiv.o
        72          0          0          0         76   sys_stackheap.o
        64          0          0          0         68   rt_memmove.o

    ------------------------------------------------------------------------
      2960        299          0         96       2152   Library Totals

    ------------------------------------------------------------------------

      Code    RO Data    RW Data    ZI Data      Debug   Library Name

         4          0          0          0         68   f_a.l
      2956        299          0         96       2084   c_a__ue.l

    ------------------------------------------------------------------------
      2960        299          0         96       2152   Library Totals

    ------------------------------------------------------------------------

================================================================================


      Code    RO Data    RW Data    ZI Data      Debug   

     54396        577       1140        805      13204   Grand Totals

================================================================================

    Total RO  Size(Code + RO Data)                54973 (  53.68kB)
    Total RW  Size(RW Data + ZI Data)              1945 (   1.90kB)
    Total ROM Size(Code + RO Data + RW Data)      56113 (  54.80kB)

================================================================================

