
================================================================================

Section Cross References

    QyAppMain.o(.text) refers to QinYiAppSrc.o(.text) for mmi_QinYi_app_entry
    QyAppMain.o(.text) refers to QyAdp.o(.bss) for g_pMtk
    QyAppMain.o(.text) refers (Special) to __main_nshl.o(!!!) for __main
    QyAppMain.o(.text) refers (Special) to _get_argv.o(.text) for _main_arg
    tkc.o(.text) refers to rt_memcpy.o(.text) for __rt_memcpy
    tkc.o(.text) refers to _sprintf.o(.text) for _sprintf
    tkc.o(.text) refers to strcat.o(.text) for strcat
    tkc.o(.text) refers to tkc.o(.constdata) for .constdata$1
    tkc.o(.text) refers to tkc.o(.data) for g_QyPid
    QinYiAppSrc.o(.text) refers to QinYiAppAdapt.o(.text) for SaveQySettingProfile
    QinYiAppSrc.o(.text) refers to QinYiAppSrc.o(.bss) for .bss$2
    QinYiAppSrc.o(.text) refers to QyAdp.o(.bss) for g_pMtk
    QinYiAppSrc.o(.text) refers to rt_memclr.o(.text) for __rt_memclr
    QinYiAppSrc.o(.text) refers to QinYiProtocol.o(.text) for FreeDump
    QinYiAppSrc.o(.text) refers to QinYiProtocol.o(.constdata) for g_cmdReqAck
    QinYiAppSrc.o(.text) refers to QinYiAppSrc.o(.data) for g_ProblemTextList
    QinYiAppSrc.o(.text) refers to QinYiProtocol.o(.bss) for g_TaskDump
    QinYiProtocol.o(.text) refers to QinYiProtocol.o(.bss) for .bss$2
    QinYiProtocol.o(.text) refers to QyAdp.o(.bss) for g_pMtk
    QinYiProtocol.o(.text) refers to rt_memclr.o(.text) for __rt_memclr
    QinYiProtocol.o(.text) refers to QinYiAppSrc.o(.bss) for g_SettingProf
    QinYiProtocol.o(.text) refers to QinYiProtocol.o(.data) for g_QyErrStringTble
    QinYiProtocol.o(.text) refers to QinYiProtocol.o(.constdata) for .constdata$1
    QinYiProtocol.o(.text) refers to rt_memcpy.o(.text) for __rt_memcpy
    QinYiProtocol.o(.text) refers to QyAdp.o(.text) for StrnCmp
    QinYiProtocol.o(.text) refers to QinYiAppAdapt.o(.text) for OpenQyDir
    QinYiAppAdapt.o(.text) refers to QinYiAppAdapt.o(.data) for g_QyFolders
    QinYiAppAdapt.o(.text) refers to QyAdp.o(.bss) for g_pMtk
    QinYiAppAdapt.o(.text) refers to QinYiAppAdapt.o(.bss) for .bss$2
    QinYiAppAdapt.o(.text) refers to rt_memcpy_w.o(.text) for __rt_memcpy_w
    QinYiAppAdapt.o(.text) refers to QinYiAppAdapt.o(.constdata) for .constdata$1
    QinYiAppAdapt.o(.text) refers to QinYiAppSrc.o(.text) for SetQyLoginAuthenStatus
    start.o(Dynamic_entry_sec) refers to rt_memclr.o(.text) for __rt_memclr
    start.o(Dynamic_entry_sec) refers to QyAppMain.o(.text) for main
    __main_nshl.o(!!!) refers to kernel.o(.text) for __rt_entry
    _get_argv.o(.text) refers to heapext.o(.text) for __heap_extend
    _get_argv.o(.text) refers to rt_raise.o(.text) for __rt_raise
    _get_argv.o(.text) refers to sys_command.o(.text) for _sys_command_string
    _sprintf.o(.text) refers to __vfpntf.o(.text) for __vfprintf
    _sprintf.o(.text) refers to _sputc.o(.text) for _sputc
    rt_memclr.o(.text) refers to rt_memclr_w.o(.text) for _memset_w
    rt_memcpy.o(.text) refers to rt_memcpy_w.o(.text) for _memcpy_lastbytes
    __vfpntf.o(.text) refers to strlen.o(.text) for strlen
    __vfpntf.o(.text) refers to printf2.o(x$fpl$printf2) for _fp_display_gate
    __vfpntf.o(.text) refers to lludiv10.o(.text) for _ll_udiv10
    __vfpntf.o(.text) refers to rtudiv10.o(.text) for __rt_udiv10
    heapext.o(.text) refers to stkheap1.o(.text) for __rt_heap_extend
    kernel.o(.text) refers to stkheap1.o(.text) for __rt_stackheap_init
    kernel.o(.text) refers to lib_init.o(.text) for __rt_lib_init
    kernel.o(.text) refers to QyAppMain.o(.text) for main
    kernel.o(.text) refers to exit.o(.text) for exit
    kernel.o(.text) refers to sys_exit.o(.text) for _sys_exit
    rt_raise.o(.text) refers to __raise.o(.text) for __raise
    rt_raise.o(.text) refers to sys_exit.o(.text) for _sys_exit
    sys_command.o(.text) refers (Special) to use_semi.o(.text) for __I_use_semihosting_swi
    __raise.o(.text) refers to defsig.o(.text) for __default_signal_handler
    exit.o(.text) refers to kernel.o(.text) for __rt_exit
    lib_init.o(.text) refers to fpinit.o(x$fpl$fpinit) for _fp_init
    lib_init.o(.text) refers (Weak) to _get_argv.o(.text) for __rt_get_argv
    lib_init.o(.text) refers to libspace.o(.text) for __user_libspace
    lib_init.o(.text) refers (Weak) to _get_argv.o(.text) for __argv_alloc
    stkheap1.o(.text) refers to libspace.o(.text) for __user_libspace
    stkheap1.o(.text) refers to sys_stackheap.o(.text) for __user_initial_stackheap
    sys_exit.o(.text) refers to use_semi.o(.text) for __I_use_semihosting_swi
    printf2.o(x$fpl$printf2) refers to nofpdisp.o(.text) for _no_fp_display
    defsig.o(.text) refers to sys_wrch.o(.text) for _ttywrch
    defsig.o(.text) refers to defsig.o(.constdata) for .constdata$1
    libspace.o(.text) refers to libspace.o(.bss) for .bss
    sys_stackheap.o(.text) refers to use_semi.o(.text) for __I_use_semihosting_swi
    sys_wrch.o(.text) refers (Special) to use_semi.o(.text) for __I_use_semihosting_swi


================================================================================

Removing Unused input sections from the image.

    Removing tkc.o(.text), (336 bytes).
    Removing tkc.o(.data), (24 bytes).
    Removing tkc.o(.constdata), (32 bytes).
    Removing QinYiAppSrc.o(.bss), (4 bytes).
    Removing QinYiAppSrc.o(.bss), (4 bytes).
    Removing QinYiAppAdapt.o(.bss), (2097152 bytes).

6 unused section(s) (total 2097552 bytes) removed from the image.

================================================================================

Memory Map of the image

  Image Entry point : 0x00000000

  Load Region LR_1 (Base: 0x00000000, Size: 0x00007ef0, Max: 0xffffffff, PI)

    Execution Region ER_RO (Base: 0x00000000, Size: 0x00007af8, Max: 0xffffffff, PI)

    Base Addr    Size         Type   Attr  Idx  E Section Name        Object

    0x00000000   0x00000078   Code   RO    27   * Dynamic_entry_sec   start.o
    0x00000078   0x000000e0   Code   RO    29   * !!!                 __main_nshl.o(c_a__ue.l)
    0x00000158   0x00000024   Code   RO     1     .text               QyAppMain.o
    0x0000017c   0x00000078   Code   RO     3     .text               QyAdp.o
    0x000001f4   0x0000415c   Code   RO    10     .text               QinYiAppSrc.o
    0x00004350   0x00002868   Code   RO    16     .text               QinYiProtocol.o
    0x00006bb8   0x00000484   Code   RO    21     .text               QinYiAppAdapt.o
    0x0000703c   0x00000214   Code   RO    31     .text               _get_argv.o(c_a__ue.l)
    0x00007250   0x00000044   Code   RO    35     .text               rt_memclr.o(c_a__ue.l)
    0x00007294   0x000000b4   Code   RO    37     .text               rt_memcpy.o(c_a__ue.l)
    0x00007348   0x0000006c   Code   RO    39     .text               rt_memcpy_w.o(c_a__ue.l)
    0x000073b4   0x0000000c   Code   RO    47     .text               heapext.o(c_a__ue.l)
    0x000073c0   0x00000028   Code   RO    49     .text               kernel.o(c_a__ue.l)
    0x000073e8   0x00000058   Code   RO    51     .text               rt_memclr_w.o(c_a__ue.l)
    0x00007440   0x00000018   Code   RO    53     .text               rt_raise.o(c_a__ue.l)
    0x00007458   0x00000030   Code   RO    55     .text               sys_command.o(c_a__ue.l)
    0x00007488   0x00000064   Code   RO    57     .text               __raise.o(c_a__ue.l)
    0x000074ec   0x00000018   Code   RO    59     .text               exit.o(c_a__ue.l)
    0x00007504   0x000000fc   Code   RO    61     .text               lib_init.o(c_a__ue.l)
    0x00007600   0x000000fc   Code   RO    67     .text               stkheap1.o(c_a__ue.l)
    0x000076fc   0x00000018   Code   RO    71     .text               sys_exit.o(c_a__ue.l)
    0x00007714   0x00000004   Code   RO    73     .text               use_semi.o(c_a__ue.l)
    0x00007718   0x00000160   Code   RO    77     .text               defsig.o(c_a__ue.l)
    0x00007878   0x00000018   Code   RO    80     .text               libspace.o(c_a__ue.l)
    0x00007890   0x00000048   Code   RO    86     .text               sys_stackheap.o(c_a__ue.l)
    0x000078d8   0x00000018   Code   RO    91     .text               sys_wrch.o(c_a__ue.l)
    0x000078f0   0x00000004   Code   RO    88     x$fpl$fpinit        fpinit.o(f_a.l)
    0x000078f4   0x00000048   Data   RO    18     .constdata          QinYiProtocol.o
    0x0000793c   0x00000054   Data   RO    23     .constdata          QinYiAppAdapt.o
    0x00007990   0x0000012b   Data   RO    78     .constdata          defsig.o(c_a__ue.l)
    0x00007abb   0x00000001   PAD
    0x00007abc   0x00000024   Data   RO    93     Region$$Table       anon$$obj.o
    0x00007ae0   0x00000018   Data   RO    94     ZISection$$Table    anon$$obj.o


    Execution Region ER_RW (Base: 0x00000000, Size: 0x000003f8, Max: 0xffffffff, PI)

    Base Addr    Size         Type   Attr  Idx  E Section Name        Object

    0x00000000   0x00000004   Data   RW    95     PDT$$ptr            anon$$obj.o
    0x00000004   0x000001ea   Data   RW    11     .data               QinYiAppSrc.o
    0x000001ee   0x00000002   PAD
    0x000001f0   0x00000118   Data   RW    17     .data               QinYiProtocol.o
    0x00000308   0x000000f0   Data   RW    22     .data               QinYiAppAdapt.o


    Execution Region ER_ZI (Base: 0x000003f8, Size: 0x00008098, Max: 0xffffffff, PI)

    Base Addr    Size         Type   Attr  Idx  E Section Name        Object

    0x000003f8   0x00000004   Zero   RW     4     .bss                QyAdp.o
    0x000003fc   0x00000470   Zero   RW    12     .bss                QinYiAppSrc.o
    0x0000086c   0x00007bc0   Zero   RW    19     .bss                QinYiProtocol.o
    0x0000842c   0x00000001   Zero   RW    24     .bss                QinYiAppAdapt.o
    0x0000842d   0x00000003   PAD
    0x00008430   0x00000060   Zero   RW    81     .bss                libspace.o(c_a__ue.l)



  Load Region LR$$Debug (Base: 0x00000000, Size: 0x00000000, Max: 0xffffffff, ABSOLUTE)

    Execution Region ER$$Debug (Base: 0x00000000, Size: 0x00000000, Max: 0xffffffff, ABSOLUTE)

    Base Addr    Size         Type   Attr  Idx  E Section Name        Object

    0x00000000   0x00000048   Dbug   RW     2     .debug_frame        QyAppMain.o
    0x00000048   0x00000060   Dbug   RW     5     .debug_frame        QyAdp.o
    0x000000a8   0x00000c84   Dbug   RW    15     .debug_frame        QinYiAppSrc.o
    0x00000d2c   0x000009e4   Dbug   RW    20     .debug_frame        QinYiProtocol.o
    0x00001710   0x00000190   Dbug   RW    26     .debug_frame        QinYiAppAdapt.o
    0x000018a0   0x0000004c   Dbug   RW    28     .debug_frame        start.o
    0x000018ec   0x0000003c   Dbug   RW    30     .debug_frame        __main_nshl.o(c_a__ue.l)
    0x00001928   0x000000cc   Dbug   RW    32     .debug_frame        _get_argv.o(c_a__ue.l)
    0x000019f4   0x00000044   Dbug   RW    36     .debug_frame        rt_memclr.o(c_a__ue.l)
    0x00001a38   0x0000003c   Dbug   RW    38     .debug_frame        rt_memcpy.o(c_a__ue.l)
    0x00001a74   0x00000054   Dbug   RW    40     .debug_frame        rt_memcpy_w.o(c_a__ue.l)
    0x00001ac8   0x0000004c   Dbug   RW    48     .debug_frame        heapext.o(c_a__ue.l)
    0x00001b14   0x00000068   Dbug   RW    50     .debug_frame        kernel.o(c_a__ue.l)
    0x00001b7c   0x00000054   Dbug   RW    52     .debug_frame        rt_memclr_w.o(c_a__ue.l)
    0x00001bd0   0x00000050   Dbug   RW    54     .debug_frame        rt_raise.o(c_a__ue.l)
    0x00001c20   0x00000054   Dbug   RW    56     .debug_frame        sys_command.o(c_a__ue.l)
    0x00001c74   0x0000005c   Dbug   RW    58     .debug_frame        __raise.o(c_a__ue.l)
    0x00001cd0   0x0000004c   Dbug   RW    60     .debug_frame        exit.o(c_a__ue.l)
    0x00001d1c   0x0000007c   Dbug   RW    62     .debug_frame        lib_init.o(c_a__ue.l)
    0x00001d98   0x00000080   Dbug   RW    68     .debug_frame        stkheap1.o(c_a__ue.l)
    0x00001e18   0x00000044   Dbug   RW    72     .debug_frame        sys_exit.o(c_a__ue.l)
    0x00001e5c   0x00000044   Dbug   RW    74     .debug_frame        use_semi.o(c_a__ue.l)
    0x00001ea0   0x0000004c   Dbug   RW    79     .debug_frame        defsig.o(c_a__ue.l)
    0x00001eec   0x00000044   Dbug   RW    82     .debug_frame        libspace.o(c_a__ue.l)
    0x00001f30   0x0000004c   Dbug   RW    87     .debug_frame        sys_stackheap.o(c_a__ue.l)
    0x00001f7c   0x00000044   Dbug   RW    89     .debug_frame        fpinit.o(f_a.l)
    0x00001fc0   0x00000048   Dbug   RW    92     .debug_frame        sys_wrch.o(c_a__ue.l)


================================================================================

Image component sizes


      Code    RO Data    RW Data    ZI Data      Debug   Object Name

        36          0          0          0         72   QyAppMain.o
     10344         72        280      31680       2532   QinYiProtocol.o
       120          0          0          4         96   QyAdp.o
         0         60          4          0          0   anon$$obj.o
      1156         84        240          1        400   QinYiAppAdapt.o
       120          0          0          0         76   start.o
     16732          0        490       1136       3204   QinYiAppSrc.o

    ------------------------------------------------------------------------
     28508        216       1014      32821       6380   Object Totals

    ------------------------------------------------------------------------

      Code    RO Data    RW Data    ZI Data      Debug   Library Member Name

       224          0          0          0         60   __main_nshl.o
        48          0          0          0         84   sys_command.o
       252          0          0          0        128   stkheap1.o
        40          0          0          0        104   kernel.o
        68          0          0          0         68   rt_memclr.o
        88          0          0          0         84   rt_memclr_w.o
         4          0          0          0         68   use_semi.o
        24          0          0          0         68   sys_exit.o
        12          0          0          0         76   heapext.o
        24          0          0         96         68   libspace.o
        24          0          0          0         72   sys_wrch.o
        24          0          0          0         80   rt_raise.o
       180          0          0          0         60   rt_memcpy.o
       352        299          0          0         76   defsig.o
       532          0          0          0        204   _get_argv.o
       108          0          0          0         84   rt_memcpy_w.o
        24          0          0          0         76   exit.o
       100          0          0          0         92   __raise.o
       252          0          0          0        124   lib_init.o
         4          0          0          0         68   fpinit.o
        72          0          0          0         76   sys_stackheap.o

    ------------------------------------------------------------------------
      2456        299          0         96       1820   Library Totals

    ------------------------------------------------------------------------

      Code    RO Data    RW Data    ZI Data      Debug   Library Name

         4          0          0          0         68   f_a.l
      2452        299          0         96       1752   c_a__ue.l

    ------------------------------------------------------------------------
      2456        299          0         96       1820   Library Totals

    ------------------------------------------------------------------------

================================================================================


      Code    RO Data    RW Data    ZI Data      Debug   

     30964        515       1014      32917       8200   Grand Totals

================================================================================

    Total RO  Size(Code + RO Data)                31479 (  30.74kB)
    Total RW  Size(RW Data + ZI Data)             33931 (  33.14kB)
    Total ROM Size(Code + RO Data + RW Data)      32493 (  31.73kB)

================================================================================

