
================================================================================

Section Cross References

    QyAppMain.o(.text) refers to QinYiAppSrc.o(.text) for QinYiAppMain
    QyAppMain.o(.text) refers to QyAdp.o(.bss) for g_pMtk
    QyAppMain.o(.text) refers to QyAppMain.o(.bss) for .bss$2
    QyAppMain.o(.text) refers to QinYiAppSrc.o(.bss) for g_SettingProf
    QyAppMain.o(.text) refers (Special) to __main_nshl.o(!!!) for __main
    QyAppMain.o(.text) refers (Special) to _get_argv.o(.text) for _main_arg
    QyAppMain.o(.bss) refers (Special) to __main_nshl.o(!!!) for __main
    QyAppMain.o(.bss) refers (Special) to _get_argv.o(.text) for _main_arg
    tkc.o(.text) refers to rt_memcpy.o(.text) for __rt_memcpy
    tkc.o(.text) refers to _sprintf.o(.text) for _sprintf
    tkc.o(.text) refers to strcat.o(.text) for strcat
    tkc.o(.text) refers to tkc.o(.constdata) for .constdata$1
    tkc.o(.text) refers to tkc.o(.data) for g_QyPid
    QinYiAppSrc.o(.text) refers to QinYiProtocol.o(.text) for CancelNet
    QinYiAppSrc.o(.text) refers to QinYiAppAdapt.o(.text) for SaveQySettingProfile
    QinYiAppSrc.o(.text) refers to QyAdp.o(.bss) for g_pMtk
    QinYiAppSrc.o(.text) refers to QinYiAppSrc.o(.bss) for .bss$2
    QinYiAppSrc.o(.text) refers to QyAppMain.o(.bss) for g_pext
    QinYiAppSrc.o(.text) refers to rt_memclr.o(.text) for __rt_memclr
    QinYiAppSrc.o(.text) refers to QinYiAppSrc.o(.data) for g_QureyExpIdStatuTitle
    QinYiAppSrc.o(.text) refers to QinYiProtocol.o(.bss) for g_TaskDump
    QinYiAppSrc.o(.text) refers to QinYiProtocol.o(.constdata) for g_cmdReqAck
    QinYiProtocol.o(.text) refers to QyAdp.o(.bss) for g_pMtk
    QinYiProtocol.o(.text) refers to rt_memclr_w.o(.text) for __rt_memclr_w
    QinYiProtocol.o(.text) refers to QinYiAppSrc.o(.bss) for g_SettingProf
    QinYiProtocol.o(.text) refers to QinYiProtocol.o(.bss) for .bss$2
    QinYiProtocol.o(.text) refers to rt_memclr.o(.text) for __rt_memclr
    QinYiProtocol.o(.text) refers to QinYiProtocol.o(.data) for g_tm_offset
    QinYiProtocol.o(.text) refers to QinYiProtocol.o(.constdata) for .constdata$1
    QinYiProtocol.o(.text) refers to rt_memcpy.o(.text) for __rt_memcpy
    QinYiProtocol.o(.text) refers to QyAdp.o(.text) for StrnCmp
    QinYiProtocol.o(.text) refers to QinYiAppAdapt.o(.text) for OpenQyDir
    QinYiProtocol.o(.text) refers to rt_memmove_w.o(.text) for __rt_memmove_w
    QinYiProtocol.o(.text) refers to rt_memmove.o(.text) for __rt_memmove
    QinYiProtocol.o(.text) refers to QinYiAppSrc.o(.text) for OnUiUpdateEnd
    QinYiProtocol.o(.text) refers to QinYiDecoder.o(.text) for Decode
    QinYiProtocol.o(.text) refers to memcmp.o(.text) for memcmp
    QinYiAppAdapt.o(.text) refers to QinYiAppAdapt.o(.data) for g_QyFolders
    QinYiAppAdapt.o(.text) refers to QyAdp.o(.bss) for g_pMtk
    QinYiAppAdapt.o(.text) refers to QinYiAppAdapt.o(.bss) for .bss$2
    QinYiAppAdapt.o(.text) refers to rt_memcpy_w.o(.text) for __rt_memcpy_w
    QinYiAppAdapt.o(.text) refers to QinYiAppAdapt.o(.constdata) for .constdata$1
    QinYiDecoder.o(.text) refers to QinYiDecoder.o(.bss) for .bss$2
    QinYiDecoder.o(.text) refers to QyAdp.o(.bss) for g_pMtk
    start.o(Dynamic_entry_sec) refers to rt_memclr.o(.text) for __rt_memclr
    start.o(Dynamic_entry_sec) refers to QyAppMain.o(.text) for main
    start.o(Dynamic_entry_sec) refers to QinYiAppSrc.o(.bss) for g_R9Val
    __main_nshl.o(!!!) refers to kernel.o(.text) for __rt_entry
    _get_argv.o(.text) refers to heapext.o(.text) for __heap_extend
    _get_argv.o(.text) refers to rt_raise.o(.text) for __rt_raise
    _get_argv.o(.text) refers to sys_command.o(.text) for _sys_command_string
    _sprintf.o(.text) refers to __vfpntf.o(.text) for __vfprintf
    _sprintf.o(.text) refers to _sputc.o(.text) for _sputc
    rt_memclr.o(.text) refers to rt_memclr_w.o(.text) for _memset_w
    rt_memcpy.o(.text) refers to rt_memcpy_w.o(.text) for _memcpy_lastbytes
    rt_memmove.o(.text) refers to rt_memcpy.o(.text) for __rt_memcpy
    rt_memmove.o(.text) refers to rt_memmove_w.o(.text) for __memmove_aligned
    rt_memmove_w.o(.text) refers to rt_memcpy_w.o(.text) for __rt_memcpy_w
    __vfpntf.o(.text) refers to strlen.o(.text) for strlen
    __vfpntf.o(.text) refers to printf2.o(x$fpl$printf2) for _fp_display_gate
    __vfpntf.o(.text) refers to lludiv10.o(.text) for _ll_udiv10
    __vfpntf.o(.text) refers to rtudiv10.o(.text) for __rt_udiv10
    heapext.o(.text) refers to stkheap1.o(.text) for __rt_heap_extend
    kernel.o(.text) refers to stkheap1.o(.text) for __rt_stackheap_init
    kernel.o(.text) refers to lib_init.o(.text) for __rt_lib_init
    kernel.o(.text) refers to QyAppMain.o(.text) for main
    kernel.o(.text) refers to exit.o(.text) for exit
    kernel.o(.text) refers to sys_exit.o(.text) for _sys_exit
    rt_raise.o(.text) refers to __raise.o(.text) for __raise
    rt_raise.o(.text) refers to sys_exit.o(.text) for _sys_exit
    sys_command.o(.text) refers (Special) to use_semi.o(.text) for __I_use_semihosting_swi
    __raise.o(.text) refers to defsig.o(.text) for __default_signal_handler
    exit.o(.text) refers to kernel.o(.text) for __rt_exit
    lib_init.o(.text) refers to fpinit.o(x$fpl$fpinit) for _fp_init
    lib_init.o(.text) refers (Weak) to _get_argv.o(.text) for __rt_get_argv
    lib_init.o(.text) refers to libspace.o(.text) for __user_libspace
    lib_init.o(.text) refers (Weak) to _get_argv.o(.text) for __argv_alloc
    stkheap1.o(.text) refers to libspace.o(.text) for __user_libspace
    stkheap1.o(.text) refers to sys_stackheap.o(.text) for __user_initial_stackheap
    sys_exit.o(.text) refers to use_semi.o(.text) for __I_use_semihosting_swi
    printf2.o(x$fpl$printf2) refers to nofpdisp.o(.text) for _no_fp_display
    defsig.o(.text) refers to sys_wrch.o(.text) for _ttywrch
    defsig.o(.text) refers to defsig.o(.constdata) for .constdata$1
    libspace.o(.text) refers to libspace.o(.bss) for .bss
    sys_stackheap.o(.text) refers to use_semi.o(.text) for __I_use_semihosting_swi
    sys_wrch.o(.text) refers (Special) to use_semi.o(.text) for __I_use_semihosting_swi


================================================================================

Removing Unused input sections from the image.

    Removing tkc.o(.text), (336 bytes).
    Removing tkc.o(.data), (24 bytes).
    Removing tkc.o(.constdata), (32 bytes).
    Removing QinYiAppSrc.o(.bss), (4 bytes).
    Removing QinYiAppSrc.o(.bss), (4 bytes).
    Removing QinYiDecoder.o(.bss), (4 bytes).
    Removing QinYiDecoder.o(.bss), (4 bytes).
    Removing QinYiDecoder.o(.bss), (4 bytes).

8 unused section(s) (total 412 bytes) removed from the image.

================================================================================

Memory Map of the image

  Image Entry point : 0x00000000

  Load Region LR_1 (Base: 0x00000000, Size: 0x00009edc, Max: 0xffffffff, PI)

    Execution Region ER_RO (Base: 0x00000000, Size: 0x00009a20, Max: 0xffffffff, PI)

    Base Addr    Size         Type   Attr  Idx  E Section Name        Object

    0x00000000   0x0000009c   Code   RO    34   * Dynamic_entry_sec   start.o
    0x0000009c   0x000000e0   Code   RO    36   * !!!                 __main_nshl.o(c_a__ue.l)
    0x0000017c   0x00000054   Code   RO     1     .text               QyAppMain.o
    0x000001d0   0x00000078   Code   RO     4     .text               QyAdp.o
    0x00000248   0x00004bc8   Code   RO    11     .text               QinYiAppSrc.o
    0x00004e10   0x00003504   Code   RO    18     .text               QinYiProtocol.o
    0x00008314   0x0000057c   Code   RO    23     .text               QinYiAppAdapt.o
    0x00008890   0x00000580   Code   RO    28     .text               QinYiDecoder.o
    0x00008e10   0x00000214   Code   RO    38     .text               _get_argv.o(c_a__ue.l)
    0x00009024   0x00000080   Code   RO    42     .text               memcmp.o(c_a__ue.l)
    0x000090a4   0x00000044   Code   RO    44     .text               rt_memclr.o(c_a__ue.l)
    0x000090e8   0x00000058   Code   RO    46     .text               rt_memclr_w.o(c_a__ue.l)
    0x00009140   0x000000b4   Code   RO    48     .text               rt_memcpy.o(c_a__ue.l)
    0x000091f4   0x0000006c   Code   RO    50     .text               rt_memcpy_w.o(c_a__ue.l)
    0x00009260   0x00000040   Code   RO    52     .text               rt_memmove.o(c_a__ue.l)
    0x000092a0   0x00000058   Code   RO    54     .text               rt_memmove_w.o(c_a__ue.l)
    0x000092f8   0x0000000c   Code   RO    62     .text               heapext.o(c_a__ue.l)
    0x00009304   0x00000028   Code   RO    64     .text               kernel.o(c_a__ue.l)
    0x0000932c   0x00000018   Code   RO    66     .text               rt_raise.o(c_a__ue.l)
    0x00009344   0x00000030   Code   RO    68     .text               sys_command.o(c_a__ue.l)
    0x00009374   0x00000064   Code   RO    70     .text               __raise.o(c_a__ue.l)
    0x000093d8   0x00000018   Code   RO    72     .text               exit.o(c_a__ue.l)
    0x000093f0   0x000000fc   Code   RO    74     .text               lib_init.o(c_a__ue.l)
    0x000094ec   0x000000fc   Code   RO    80     .text               stkheap1.o(c_a__ue.l)
    0x000095e8   0x00000018   Code   RO    84     .text               sys_exit.o(c_a__ue.l)
    0x00009600   0x00000004   Code   RO    86     .text               use_semi.o(c_a__ue.l)
    0x00009604   0x00000160   Code   RO    90     .text               defsig.o(c_a__ue.l)
    0x00009764   0x00000018   Code   RO    93     .text               libspace.o(c_a__ue.l)
    0x0000977c   0x00000048   Code   RO    99     .text               sys_stackheap.o(c_a__ue.l)
    0x000097c4   0x00000018   Code   RO   104     .text               sys_wrch.o(c_a__ue.l)
    0x000097dc   0x00000004   Code   RO   101     x$fpl$fpinit        fpinit.o(f_a.l)
    0x000097e0   0x00000078   Data   RO    20     .constdata          QinYiProtocol.o
    0x00009858   0x00000060   Data   RO    25     .constdata          QinYiAppAdapt.o
    0x000098b8   0x0000012b   Data   RO    91     .constdata          defsig.o(c_a__ue.l)
    0x000099e3   0x00000001   PAD
    0x000099e4   0x00000024   Data   RO   106     Region$$Table       anon$$obj.o
    0x00009a08   0x00000018   Data   RO   107     ZISection$$Table    anon$$obj.o


    Execution Region ER_RW (Base: 0x00000000, Size: 0x000004bc, Max: 0xffffffff, PI)

    Base Addr    Size         Type   Attr  Idx  E Section Name        Object

    0x00000000   0x00000004   Data   RW   108     PDT$$ptr            anon$$obj.o
    0x00000004   0x00000115   Data   RW    12     .data               QinYiAppSrc.o
    0x00000119   0x00000003   PAD
    0x0000011c   0x000002b0   Data   RW    19     .data               QinYiProtocol.o
    0x000003cc   0x000000f0   Data   RW    24     .data               QinYiAppAdapt.o


    Execution Region ER_ZI (Base: 0x000004bc, Size: 0x000002b8, Max: 0xffffffff, PI)

    Base Addr    Size         Type   Attr  Idx  E Section Name        Object

    0x000004bc   0x00000064   Zero   RW     2     .bss                QyAppMain.o
    0x00000520   0x00000004   Zero   RW     5     .bss                QyAdp.o
    0x00000524   0x00000188   Zero   RW    13     .bss                QinYiAppSrc.o
    0x000006ac   0x00000004   Zero   RW    16     .bss                QinYiAppSrc.o
    0x000006b0   0x0000003c   Zero   RW    21     .bss                QinYiProtocol.o
    0x000006ec   0x00000001   Zero   RW    26     .bss                QinYiAppAdapt.o
    0x000006ed   0x00000003   PAD
    0x000006f0   0x00000024   Zero   RW    29     .bss                QinYiDecoder.o
    0x00000714   0x00000060   Zero   RW    94     .bss                libspace.o(c_a__ue.l)



  Load Region LR$$Debug (Base: 0x00000000, Size: 0x00000000, Max: 0xffffffff, ABSOLUTE)

    Execution Region ER$$Debug (Base: 0x00000000, Size: 0x00000000, Max: 0xffffffff, ABSOLUTE)

    Base Addr    Size         Type   Attr  Idx  E Section Name        Object

    0x00000000   0x00000048   Dbug   RW     3     .debug_frame        QyAppMain.o
    0x00000048   0x00000060   Dbug   RW     6     .debug_frame        QyAdp.o
    0x000000a8   0x00000e98   Dbug   RW    17     .debug_frame        QinYiAppSrc.o
    0x00000f40   0x00000cd8   Dbug   RW    22     .debug_frame        QinYiProtocol.o
    0x00001c18   0x000001ac   Dbug   RW    27     .debug_frame        QinYiAppAdapt.o
    0x00001dc4   0x0000014c   Dbug   RW    33     .debug_frame        QinYiDecoder.o
    0x00001f10   0x00000050   Dbug   RW    35     .debug_frame        start.o
    0x00001f60   0x0000003c   Dbug   RW    37     .debug_frame        __main_nshl.o(c_a__ue.l)
    0x00001f9c   0x000000cc   Dbug   RW    39     .debug_frame        _get_argv.o(c_a__ue.l)
    0x00002068   0x0000003c   Dbug   RW    43     .debug_frame        memcmp.o(c_a__ue.l)
    0x000020a4   0x00000044   Dbug   RW    45     .debug_frame        rt_memclr.o(c_a__ue.l)
    0x000020e8   0x00000054   Dbug   RW    47     .debug_frame        rt_memclr_w.o(c_a__ue.l)
    0x0000213c   0x0000003c   Dbug   RW    49     .debug_frame        rt_memcpy.o(c_a__ue.l)
    0x00002178   0x00000054   Dbug   RW    51     .debug_frame        rt_memcpy_w.o(c_a__ue.l)
    0x000021cc   0x00000044   Dbug   RW    53     .debug_frame        rt_memmove.o(c_a__ue.l)
    0x00002210   0x0000004c   Dbug   RW    55     .debug_frame        rt_memmove_w.o(c_a__ue.l)
    0x0000225c   0x0000004c   Dbug   RW    63     .debug_frame        heapext.o(c_a__ue.l)
    0x000022a8   0x00000068   Dbug   RW    65     .debug_frame        kernel.o(c_a__ue.l)
    0x00002310   0x00000050   Dbug   RW    67     .debug_frame        rt_raise.o(c_a__ue.l)
    0x00002360   0x00000054   Dbug   RW    69     .debug_frame        sys_command.o(c_a__ue.l)
    0x000023b4   0x0000005c   Dbug   RW    71     .debug_frame        __raise.o(c_a__ue.l)
    0x00002410   0x0000004c   Dbug   RW    73     .debug_frame        exit.o(c_a__ue.l)
    0x0000245c   0x0000007c   Dbug   RW    75     .debug_frame        lib_init.o(c_a__ue.l)
    0x000024d8   0x00000080   Dbug   RW    81     .debug_frame        stkheap1.o(c_a__ue.l)
    0x00002558   0x00000044   Dbug   RW    85     .debug_frame        sys_exit.o(c_a__ue.l)
    0x0000259c   0x00000044   Dbug   RW    87     .debug_frame        use_semi.o(c_a__ue.l)
    0x000025e0   0x0000004c   Dbug   RW    92     .debug_frame        defsig.o(c_a__ue.l)
    0x0000262c   0x00000044   Dbug   RW    95     .debug_frame        libspace.o(c_a__ue.l)
    0x00002670   0x0000004c   Dbug   RW   100     .debug_frame        sys_stackheap.o(c_a__ue.l)
    0x000026bc   0x00000044   Dbug   RW   102     .debug_frame        fpinit.o(f_a.l)
    0x00002700   0x00000048   Dbug   RW   105     .debug_frame        sys_wrch.o(c_a__ue.l)


================================================================================

Image component sizes


      Code    RO Data    RW Data    ZI Data      Debug   Object Name

        84          0          0        100         72   QyAppMain.o
      1408          0          0         36        332   QinYiDecoder.o
     13572        120        688         60       3288   QinYiProtocol.o
       120          0          0          4         96   QyAdp.o
         0         60          4          0          0   anon$$obj.o
      1404         96        240          1        428   QinYiAppAdapt.o
       156          0          0          0         80   start.o
     19400          0        277        396       3736   QinYiAppSrc.o

    ------------------------------------------------------------------------
     36144        276       1209        597       8032   Object Totals

    ------------------------------------------------------------------------

      Code    RO Data    RW Data    ZI Data      Debug   Library Member Name

       224          0          0          0         60   __main_nshl.o
        48          0          0          0         84   sys_command.o
       252          0          0          0        128   stkheap1.o
        40          0          0          0        104   kernel.o
        68          0          0          0         68   rt_memclr.o
        88          0          0          0         84   rt_memclr_w.o
         4          0          0          0         68   use_semi.o
        24          0          0          0         68   sys_exit.o
        12          0          0          0         76   heapext.o
        24          0          0         96         68   libspace.o
        24          0          0          0         72   sys_wrch.o
        24          0          0          0         80   rt_raise.o
       180          0          0          0         60   rt_memcpy.o
       352        299          0          0         76   defsig.o
       532          0          0          0        204   _get_argv.o
       108          0          0          0         84   rt_memcpy_w.o
        24          0          0          0         76   exit.o
       128          0          0          0         60   memcmp.o
       100          0          0          0         92   __raise.o
       252          0          0          0        124   lib_init.o
        88          0          0          0         76   rt_memmove_w.o
         4          0          0          0         68   fpinit.o
        72          0          0          0         76   sys_stackheap.o
        64          0          0          0         68   rt_memmove.o

    ------------------------------------------------------------------------
      2736        299          0         96       2024   Library Totals

    ------------------------------------------------------------------------

      Code    RO Data    RW Data    ZI Data      Debug   Library Name

         4          0          0          0         68   f_a.l
      2732        299          0         96       1956   c_a__ue.l

    ------------------------------------------------------------------------
      2736        299          0         96       2024   Library Totals

    ------------------------------------------------------------------------

================================================================================


      Code    RO Data    RW Data    ZI Data      Debug   

     38880        575       1209        693      10056   Grand Totals

================================================================================

    Total RO  Size(Code + RO Data)                39455 (  38.53kB)
    Total RW  Size(RW Data + ZI Data)              1902 (   1.86kB)
    Total ROM Size(Code + RO Data + RW Data)      40664 (  39.71kB)

================================================================================

